/dts-v1/;

/  {

	foo8 = <0xffff80>;
	foo16 = <0xffff 0xffff8000>;
	foo32 = <0x0 0xffffffff 0xffffffff 0x80000000>;
	foo64 = <0x0 0x0 0xffffffff 0xffffffff 0xffffffff 0xffffffff 0x80000000 0x0>;
};
