/dts-v1/;

/  {

	outer@2 {

		phandle = <0x1>;
		inner@4 {

			inner@1 {

				test-property = <0x1>;
			};
		};
	};
};
