/dts-v1/;

/  {

	quux@2 {

		phandle = <0x1>;
	};
	__symbols__ {

		quux = "/quux@2";
	};
};
