/dts-v1/;

/  {

	foo {

		next-quux = <0x1>;
	};
	bar {

		bar-prop = "ok";
		phandle = <0x1>;
	};
};
